     1                                 %line 1+1 luxasm.asm
     2                                 
     3                                 
     4                                 
     5                                 
     6                                 
     7                                 
     8                                 
     9                                 
    10                                 [CPU 686]
    11                                 [BITS 32]
    12                                 
    13                                 
    14                                 [section .text]
    15                                 
    16                                 
    17                                 [global main]
    18                                 
    19                                 
    20                                 main:
    21                                 
    22                                 
    23                                 
    24                                 
    25 00000000 E800000000              call print
    26 00000005 E816000000              call exit
    27                                 
    28                                 
    29                                 print:
    30                                 
    31                                 
    32                                 
    33                                 
    34 0000000A 55                      push ebp
    35 0000000B 89E5                    mov ebp, esp
    36                                 
    37 0000000D BA0B000000              mov edx, len
    38 00000012 B9[00000000]            mov ecx, msg
    39 00000017 BB01000000              mov ebx, 1
    40 0000001C B804000000              mov eax, 4
    41 00000021 CD80                    int 0x80
    42                                 
    43 00000023 5D                      pop ebp
    44                                 
    45 00000024 C3                      ret
    46                                 
    47                                 
    48                                 exit:
    49                                 
    50                                 
    51                                 
    52                                 
    53 00000025 BB00000000              mov ebx, 0
    54 0000002A B801000000              mov eax, 1
    55 0000002F CD80                    int 0x80
    56 00000031 90                      nop
    57                                 
    58                                 
    59                                 
    60                                 [section .data]
    61                                 
    62                                 
    63 00000000 4675636B204A617661-     msg db 'Fuck Java!', 0x0A
    64 00000000 210A               
    65                                  len equ $-msg
    66                                 
    67                                 
    68                                 
    69                                 [section .bss]
    70                                 
    71                                 
    72                                 
    73                                 
    74                                 
    75                                 
    76                                 
    77                                 
    78                                 
    79                                 
    80                                 
    81                                 
    82                                 
    83                                 
    84                                 
    85                                 
